{"type":"server-started","port":51566,"host":"127.0.0.1","url_host":"localhost","url":"http://localhost:51566","screen_dir":"/home/mario/yuribodo-portfolio/.superpowers/brainstorm/364203-1775309491/content","state_dir":"/home/mario/yuribodo-portfolio/.superpowers/brainstorm/364203-1775309491/state"}
{"type":"screen-added","file":"/home/mario/yuribodo-portfolio/.superpowers/brainstorm/364203-1775309491/content/visual-direction.html"}
{"type":"screen-added","file":"/home/mario/yuribodo-portfolio/.superpowers/brainstorm/364203-1775309491/content/section-map.html"}
{"source":"user-event","type":"click","text":"🗺 NARRATIVE FLOW\n\n      \n        \n          ⚔\n          HERO\n          —\n          RPG Encounter: \"A wild developer appeared!\"\n        \n        \n\n        \n          📜\n          ABOUT\n          —\n          Pokédex Entry: stats, tipo, evolução\n        \n        \n\n        \n          🃏\n          PROJECTS\n          —\n          Yu-Gi-Oh Cards: cada projeto é uma carta\n        \n        \n\n        \n          ♟\n          SKILLS\n          —\n          Tabuleiro de Xadrez: peças = skills\n        \n        \n\n        \n          🎮\n          CONTACT\n          —\n          Save Point / Continue?\n        \n      \n\n      \n        Scroll contínuo com transições temáticas entre mundos\n      \n    \n    \n      A — Fluxo Narrativo (scroll contínuo)\n      O site é uma jornada linear. Cada seção transiciona suavemente para a próxima com mudança de universo. O scroll conta uma história: encounter → conhecer → ver trabalho → ver skills → contato.","choice":"narrative-flow","id":null,"timestamp":1775310145103}
{"source":"user-event","type":"click","text":"🌍 WORLD SELECT\n\n      SELECT YOUR DESTINATION\n\n      \n        \n          ⚔\n          BATTLE ARENA\n          About Me\n        \n        \n          🃏\n          CARD SHOP\n          Projects\n        \n        \n          ♟\n          STRATEGY ROOM\n          Skills & Tech\n        \n        \n          💾\n          SAVE POINT\n          Contact\n        \n      \n\n      \n        Hub central → navega para mundos separados\n      \n    \n    \n      B — World Select (hub + mundos)\n      Hero funciona como um hub/menu principal de jogo. Cada seção é um \"mundo\" que você seleciona. Cada mundo tem sua própria página com estética única. Tipo seleção de fase.","choice":"world-select","id":null,"timestamp":1775310146270}
{"source":"user-event","type":"click","text":"🎯 HYBRID JOURNEY\n\n      \n        \n          ENCOUNTER\n          Hero — RPG battle intro\n          Scroll down para continuar...\n        \n\n        \n          POKÉDEX + STATS\n          About — inline na main page\n          Scroll down para continuar...\n        \n\n        \n          CARD PREVIEW → FULL PAGE\n          Projects — cards na main, página dedicada cada\n          Click para ver detalhes do projeto\n        \n\n        \n          CHESS BOARD\n          Skills — tabuleiro interativo inline\n        \n\n        \n          SAVE POINT\n          Contact — save game metaphor\n        \n      \n    \n    \n      C — Hybrid Journey (recomendado)\n      Main page com scroll narrativo (todas as seções inline), mas projetos individuais têm páginas dedicadas. Melhor dos dois mundos: experiência imersiva + profundidade nos projetos.","choice":"hybrid-journey","id":null,"timestamp":1775310147516}
{"type":"screen-added","file":"/home/mario/yuribodo-portfolio/.superpowers/brainstorm/364203-1775309491/content/approaches.html"}
{"type":"screen-added","file":"/home/mario/yuribodo-portfolio/.superpowers/brainstorm/364203-1775309491/content/design-hero.html"}
{"type":"screen-added","file":"/home/mario/yuribodo-portfolio/.superpowers/brainstorm/364203-1775309491/content/design-hero-v2.html"}
{"type":"screen-added","file":"/home/mario/yuribodo-portfolio/.superpowers/brainstorm/364203-1775309491/content/design-hero-v3.html"}
{"type":"screen-added","file":"/home/mario/yuribodo-portfolio/.superpowers/brainstorm/364203-1775309491/content/design-about-pokedex.html"}
{"type":"screen-added","file":"/home/mario/yuribodo-portfolio/.superpowers/brainstorm/364203-1775309491/content/design-about-v2.html"}
{"type":"screen-added","file":"/home/mario/yuribodo-portfolio/.superpowers/brainstorm/364203-1775309491/content/design-projects.html"}
{"type":"screen-added","file":"/home/mario/yuribodo-portfolio/.superpowers/brainstorm/364203-1775309491/content/design-skills.html"}
{"type":"screen-added","file":"/home/mario/yuribodo-portfolio/.superpowers/brainstorm/364203-1775309491/content/design-contact.html"}
{"type":"screen-added","file":"/home/mario/yuribodo-portfolio/.superpowers/brainstorm/364203-1775309491/content/waiting.html"}
{"type":"screen-added","file":"/home/mario/yuribodo-portfolio/.superpowers/brainstorm/364203-1775309491/content/typography-palette.html"}
{"type":"screen-added","file":"/home/mario/yuribodo-portfolio/.superpowers/brainstorm/364203-1775309491/content/color-palette.html"}
{"type":"screen-added","file":"/home/mario/yuribodo-portfolio/.superpowers/brainstorm/364203-1775309491/content/final-system.html"}
{"type":"screen-added","file":"/home/mario/yuribodo-portfolio/.superpowers/brainstorm/364203-1775309491/content/palettes-real.html"}
{"type":"screen-added","file":"/home/mario/yuribodo-portfolio/.superpowers/brainstorm/364203-1775309491/content/final-system-v2.html"}
{"type":"server-stopped","reason":"idle timeout"}
